// Jest Snapshot v1, https://goo.gl/fbAQLP

exports[`SecurityRequirement should render SecurityDefs 1`] = `
"<div id=\\"section/Authentication/petstore_auth\\" data-section-id=\\"section/Authentication/petstore_auth\\" class=\\"sc-eCApnc gxBYnR\\"><div class=\\"sc-iCoGMd dglGZe\\"><div class=\\"sc-hKFxyN dykYeT\\"><h2 class=\\"sc-pNWdM kamJiA\\">petstore_auth</h2><div class=\\"sc-iJCRrE sc-ciSkZP dTVIxT kSDMkt\\"><p>Get access to data while protecting your account credentials.
OAuth2 is also a safer and more secure way to give you access.</p>
</div><div class=\\"sc-htmcrh kSNXHy\\"><div class=\\"sc-dTSzeu hhVsMJ\\"><b>Security Scheme Type: </b><span>OAuth2</span></div><div class=\\"sc-iJCRrE sc-ciSkZP dTVIxT kSDMkt\\"><div class=\\"sc-dTSzeu hhVsMJ\\"><b>Flow type: </b><code>implicit </code></div><div class=\\"sc-dTSzeu hhVsMJ\\"><strong> Authorization URL: </strong><code><a target=\\"_blank\\" rel=\\"noopener noreferrer\\" href=\\"http://petstore.swagger.io/api/oauth/dialog\\">http://petstore.swagger.io/api/oauth/dialog</a></code></div><div class=\\"sc-dTSzeu hhVsMJ\\"><b> Scopes: </b></div><div class=\\"sc-cbeScs bHSCtE container\\" style=\\"height: 4em;\\"><ul><li><code>write:pets</code> - <span class=\\"sc-carFqZ eiQZlY redoc-markdown\\"><p>modify pets in your account</p>
</span></li><li><code>read:pets</code> - <span class=\\"sc-carFqZ eiQZlY redoc-markdown\\"><p>read your pets</p>
</span></li></ul></div><div class=\\"sc-hkeOVe fpPOTd\\"></div></div></div></div></div></div><div id=\\"section/Authentication/GitLab_PersonalAccessToken\\" data-section-id=\\"section/Authentication/GitLab_PersonalAccessToken\\" class=\\"sc-eCApnc gxBYnR\\"><div class=\\"sc-iCoGMd dglGZe\\"><div class=\\"sc-hKFxyN dykYeT\\"><h2 class=\\"sc-pNWdM kamJiA\\">GitLab_PersonalAccessToken</h2><div class=\\"sc-iJCRrE sc-ciSkZP dTVIxT kSDMkt\\"><p>GitLab Personal Access Token description</p>
</div><div class=\\"sc-htmcrh kSNXHy\\"><div class=\\"sc-dTSzeu hhVsMJ\\"><b>Security Scheme Type: </b><span>API Key</span></div><div class=\\"sc-iJCRrE sc-ciSkZP dTVIxT kSDMkt\\"><div class=\\"sc-dTSzeu hhVsMJ\\"><b>Header parameter name: </b><code>PRIVATE-TOKEN</code></div></div></div></div></div></div><div id=\\"section/Authentication/GitLab_OpenIdConnect\\" data-section-id=\\"section/Authentication/GitLab_OpenIdConnect\\" class=\\"sc-eCApnc gxBYnR\\"><div class=\\"sc-iCoGMd dglGZe\\"><div class=\\"sc-hKFxyN dykYeT\\"><h2 class=\\"sc-pNWdM kamJiA\\">GitLab_OpenIdConnect</h2><div class=\\"sc-iJCRrE sc-ciSkZP dTVIxT kSDMkt\\"><p>GitLab OpenIdConnect description</p>
</div><div class=\\"sc-htmcrh kSNXHy\\"><div class=\\"sc-dTSzeu hhVsMJ\\"><b>Security Scheme Type: </b><span>OpenID Connect</span></div><div class=\\"sc-iJCRrE sc-ciSkZP dTVIxT kSDMkt\\"><div class=\\"sc-dTSzeu hhVsMJ\\"><b>Connect URL: </b><code><a target=\\"_blank\\" rel=\\"noopener noreferrer\\" href=\\"https://gitlab.com/.well-known/openid-configuration\\">https://gitlab.com/.well-known/openid-configuration</a></code></div></div></div></div></div></div><div id=\\"section/Authentication/basicAuth\\" data-section-id=\\"section/Authentication/basicAuth\\" class=\\"sc-eCApnc gxBYnR\\"><div class=\\"sc-iCoGMd dglGZe\\"><div class=\\"sc-hKFxyN dykYeT\\"><h2 class=\\"sc-pNWdM kamJiA\\">basicAuth</h2><div class=\\"sc-iJCRrE sc-ciSkZP dTVIxT kSDMkt\\"></div><div class=\\"sc-htmcrh kSNXHy\\"><div class=\\"sc-dTSzeu hhVsMJ\\"><b>Security Scheme Type: </b><span>HTTP</span></div><div class=\\"sc-iJCRrE sc-ciSkZP dTVIxT kSDMkt\\"><div class=\\"sc-dTSzeu hhVsMJ\\"><b>HTTP Authorization Scheme: </b><code>basic</code></div><div class=\\"sc-dTSzeu hhVsMJ\\"></div></div></div></div></div></div>"
`;

exports[`SecurityRequirement should render authDefinition 1`] = `"<div class=\\"sc-jlZJtj gBKsPe\\"><div class=\\"sc-eEVmNe fUdIan\\"><h5 class=\\"sc-iqAclL sc-ljsmAU gpuIMJ iZZIbn\\">Authorizations:</h5><svg class=\\"sc-dIsUp bjpqGj\\" version=\\"1.1\\" viewBox=\\"0 0 24 24\\" x=\\"0\\" xmlns=\\"http://www.w3.org/2000/svg\\" y=\\"0\\" aria-hidden=\\"true\\"><polygon points=\\"17.3 8.3 12 13.6 6.7 8.3 5.3 9.7 12 16.4 18.7 9.7 \\"></polygon></svg></div><div class=\\"sc-fmdNqN cmiHwQ\\"><span class=\\"sc-jXcxbT iFtFka\\">(<span class=\\"sc-EZqKI jWnNfC\\">API Key: <i>GitLab_PersonalAccessToken</i></span><span class=\\"sc-EZqKI jWnNfC\\">OpenID Connect: <i>GitLab_OpenIdConnect</i></span><span class=\\"sc-EZqKI jWnNfC\\">HTTP: <i>basicAuth</i></span>) </span><span class=\\"sc-jXcxbT iFtFka\\"><span class=\\"sc-EZqKI jWnNfC\\">OAuth2: <i>petstore_auth</i></span></span></div></div>,"`;

exports[`SecurityRequirement should render authDefinition 2`] = `
"<div class=\\"sc-jlZJtj nrbra\\"><div class=\\"sc-eEVmNe fUdIan\\"><h5 class=\\"sc-iqAclL sc-ljsmAU gpuIMJ iZZIbn\\">Authorizations:</h5><svg class=\\"sc-dIsUp enBbYJ\\" version=\\"1.1\\" viewBox=\\"0 0 24 24\\" x=\\"0\\" xmlns=\\"http://www.w3.org/2000/svg\\" y=\\"0\\" aria-hidden=\\"true\\"><polygon points=\\"17.3 8.3 12 13.6 6.7 8.3 5.3 9.7 12 16.4 18.7 9.7 \\"></polygon></svg></div><div class=\\"sc-fmdNqN bllfJN\\"><span class=\\"sc-jXcxbT dMiGdU\\">(<span class=\\"sc-EZqKI jWnNfC\\">API Key: <i>GitLab_PersonalAccessToken</i></span><span class=\\"sc-EZqKI jWnNfC\\">OpenID Connect: <i>GitLab_OpenIdConnect</i></span><span class=\\"sc-EZqKI jWnNfC\\">HTTP: <i>basicAuth</i></span>) </span><span class=\\"sc-jXcxbT dMiGdU\\"><span class=\\"sc-EZqKI jWnNfC\\">OAuth2: <i>petstore_auth</i> (<code class=\\"sc-fXgAZx cgSlhN\\">write:pets</code><code class=\\"sc-fXgAZx cgSlhN\\">read:pets</code>) </span></span></div></div><div class=\\"sc-htmcrh kSNXHy\\"><h5><svg xmlns=\\"http://www.w3.org/2000/svg\\" viewBox=\\"0 0 24 24\\" width=\\"11\\" height=\\"11\\"><path fill=\\"currentColor\\" d=\\"M18 10V6A6 6 0 0 0 6 6v4H3v14h18V10h-3zM8 6c0-2.206 1.794-4 4-4s4 1.794 4 4v4H8V6zm11 16H5V12h14v10z\\"></path></svg> OAuth2: petstore_auth</h5><div class=\\"sc-iJCRrE sc-ciSkZP dTVIxT kSDMkt\\"><p>Get access to data while protecting your account credentials.
OAuth2 is also a safer and more secure way to give you access.</p>
</div><div class=\\"sc-iJCRrE sc-ciSkZP dTVIxT kSDMkt\\"><div class=\\"sc-dTSzeu hhVsMJ\\"><b>Flow type: </b><code>implicit </code></div><div class=\\"sc-dTSzeu hhVsMJ\\"><strong> Authorization URL: </strong><code><a target=\\"_blank\\" rel=\\"noopener noreferrer\\" href=\\"http://petstore.swagger.io/api/oauth/dialog\\">http://petstore.swagger.io/api/oauth/dialog</a></code></div><div><b>Required scopes: </b><code>write:pets</code> <code>read:pets</code> </div><div class=\\"sc-dTSzeu hhVsMJ\\"><b> Scopes: </b></div><div class=\\"sc-cbeScs bHSCtE container\\" style=\\"height: 4em;\\"><ul><li><code>write:pets</code> - <span class=\\"sc-carFqZ eiQZlY redoc-markdown\\"><p>modify pets in your account</p>
</span></li><li><code>read:pets</code> - <span class=\\"sc-carFqZ eiQZlY redoc-markdown\\"><p>read your pets</p>
</span></li></ul></div><div class=\\"sc-hkeOVe fpPOTd\\"></div></div></div><div class=\\"sc-htmcrh kSNXHy\\"><h5><svg xmlns=\\"http://www.w3.org/2000/svg\\" viewBox=\\"0 0 24 24\\" width=\\"11\\" height=\\"11\\"><path fill=\\"currentColor\\" d=\\"M18 10V6A6 6 0 0 0 6 6v4H3v14h18V10h-3zM8 6c0-2.206 1.794-4 4-4s4 1.794 4 4v4H8V6zm11 16H5V12h14v10z\\"></path></svg> API Key: GitLab_PersonalAccessToken</h5><div class=\\"sc-iJCRrE sc-ciSkZP dTVIxT kSDMkt\\"><p>GitLab Personal Access Token description</p>
</div><div class=\\"sc-iJCRrE sc-ciSkZP dTVIxT kSDMkt\\"><div class=\\"sc-dTSzeu hhVsMJ\\"><b>Header parameter name: </b><code>PRIVATE-TOKEN</code></div></div></div><div class=\\"sc-htmcrh kSNXHy\\"><h5><svg xmlns=\\"http://www.w3.org/2000/svg\\" viewBox=\\"0 0 24 24\\" width=\\"11\\" height=\\"11\\"><path fill=\\"currentColor\\" d=\\"M18 10V6A6 6 0 0 0 6 6v4H3v14h18V10h-3zM8 6c0-2.206 1.794-4 4-4s4 1.794 4 4v4H8V6zm11 16H5V12h14v10z\\"></path></svg> OpenID Connect: GitLab_OpenIdConnect</h5><div class=\\"sc-iJCRrE sc-ciSkZP dTVIxT kSDMkt\\"><p>GitLab OpenIdConnect description</p>
</div><div class=\\"sc-iJCRrE sc-ciSkZP dTVIxT kSDMkt\\"><div class=\\"sc-dTSzeu hhVsMJ\\"><b>Connect URL: </b><code><a target=\\"_blank\\" rel=\\"noopener noreferrer\\" href=\\"https://gitlab.com/.well-known/openid-configuration\\">https://gitlab.com/.well-known/openid-configuration</a></code></div></div></div><div class=\\"sc-htmcrh kSNXHy\\"><h5><svg xmlns=\\"http://www.w3.org/2000/svg\\" viewBox=\\"0 0 24 24\\" width=\\"11\\" height=\\"11\\"><path fill=\\"currentColor\\" d=\\"M18 10V6A6 6 0 0 0 6 6v4H3v14h18V10h-3zM8 6c0-2.206 1.794-4 4-4s4 1.794 4 4v4H8V6zm11 16H5V12h14v10z\\"></path></svg> HTTP: basicAuth</h5><div class=\\"sc-iJCRrE sc-ciSkZP dTVIxT kSDMkt\\"></div><div class=\\"sc-iJCRrE sc-ciSkZP dTVIxT kSDMkt\\"><div class=\\"sc-dTSzeu hhVsMJ\\"><b>HTTP Authorization Scheme: </b><code>basic</code></div><div class=\\"sc-dTSzeu hhVsMJ\\"></div></div></div>,"
`;
